// Jest Snapshot v1, https://goo.gl/fbAQLP

exports[`test if Itunes component renders? 1`] = `
<div
  className="main-container"
>
  <div
    className="header"
  >
    <h1>
      iTunes Search
    </h1>
  </div>
  <div
    className="search-input"
  >
    <input
      onChange={[Function]}
      placeholder="search"
      type="text"
      value=""
    />
    <select
      onChange={[Function]}
      value=""
    >
      <option
        value=""
      >
        Select media type
      </option>
      <option
        value="movie"
      >
        Movie
      </option>
      <option
        value="podcast"
      >
        Podcast
      </option>
      <option
        value="music"
      >
        Music
      </option>
      <option
        value="audiobook"
      >
        Audiobook
      </option>
      <option
        value="shortFilm"
      >
        Short Film
      </option>
      <option
        value="tvShow"
      >
        TV Show
      </option>
      <option
        value="software"
      >
        Software
      </option>
      <option
        value="ebook"
      >
        Ebook
      </option>
      <option
        value="all"
      >
        All
      </option>
    </select>
    <button
      onClick={[Function]}
    >
      Search
    </button>
    <button
      onClick={[Function]}
    >
      Favorites
    </button>
  </div>
</div>
`;
